Marginal likelihood with initialization (1) = -0.4578066107
Marginal likelihood with initialization (2) = -0.4578088981
Marginal likelihood with initialization (3) = -0.4578070276
Marginal likelihood with initialization (4) = -0.4578085940
Marginal likelihood with initialization (5) = -0.4578093548
Iteration Marginal_Likelihood delta_Marginal_Likelihood Iteration_Time (secs)
0 -0.4578066107 -- 0.075
10 -0.3816599610 0.0761466497 0.165
20 -0.3680038907 0.0136560703 0.113
30 -0.3634301524 0.0045737383 0.115
40 -0.3621951494 0.0012350030 0.113
50 -0.3617361630 0.0004589865 0.115
60 -0.3615390220 0.0001971410 0.114
70 -0.3614109657 0.0001280563 0.113
80 -0.3613244139 0.0000865518 0.113
90 -0.3612508581 0.0000735558 0.112
100 -0.3612226129 0.0000282453 0.112
110 -0.3612154186 0.0000071943 0.113
120 -0.3612054635 0.0000099551 0.112
130 -0.3611948898 0.0000105737 0.112
140 -0.3611866644 0.0000082253 0.112
150 -0.3611848227 0.0000018417 0.112
160 -0.3611894886 -0.0000046659 0.112
170 -0.3611775389 0.0000119497 0.112
180 -0.3611715569 0.0000059820 0.111
190 -0.3611600662 0.0000114908 0.112
200 -0.3611601796 -0.0000001134 0.112
Marginal Likelihood = -0.3611601796
Total time = 2.3806 seconds
Total iterations = 200 
