Marginal likelihood with initialization (1) = -0.5277022694
Marginal likelihood with initialization (2) = -0.5277051584
Marginal likelihood with initialization (3) = -0.5277045675
Marginal likelihood with initialization (4) = -0.5277026829
Marginal likelihood with initialization (5) = -0.5277035064
Iteration Marginal_Likelihood delta_Marginal_Likelihood Iteration_Time (secs)
0 -0.5277022694 -- 0.103
10 -0.4278430985 0.0998591709 0.342
20 -0.4002069430 0.0276361555 0.344
30 -0.3889894884 0.0112174546 0.342
40 -0.3832645268 0.0057249616 0.342
50 -0.3800116004 0.0032529264 0.339
60 -0.3768008272 0.0032107732 0.340
70 -0.3731243635 0.0036764637 0.340
80 -0.3712521496 0.0018722139 0.254
90 -0.3703565612 0.0008955884 0.194
100 -0.3698623423 0.0004942189 0.196
110 -0.3694459646 0.0004163777 0.193
120 -0.3691744676 0.0002714970 0.194
130 -0.3690402323 0.0001342353 0.194
140 -0.3689093386 0.0001308937 0.193
150 -0.3687659630 0.0001433757 0.193
160 -0.3687001026 0.0000658603 0.193
170 -0.3686355368 0.0000645658 0.194
180 -0.3685763908 0.0000591460 0.192
190 -0.3685588101 0.0000175807 0.191
200 -0.3685223702 0.0000364399 0.191
210 -0.3684979943 0.0000243759 0.191
220 -0.3684520930 0.0000459013 0.190
230 -0.3684456895 0.0000064035 0.190
240 -0.3684078602 0.0000378294 0.190
250 -0.3683977952 0.0000100650 0.192
260 -0.3683875096 0.0000102856 0.189
270 -0.3683727476 0.0000147620 0.189
280 -0.3683504268 0.0000223208 0.189
290 -0.3683377770 0.0000126498 0.188
300 -0.3683258298 0.0000119472 0.189
310 -0.3683126172 0.0000132127 0.188
320 -0.3683124310 0.0000001862 0.188
Marginal Likelihood = -0.3683124310
Total time = 7.3399 seconds
Total iterations = 320 
