Marginal likelihood with initialization (1) = -0.6018552818
Marginal likelihood with initialization (2) = -0.6018545358
Marginal likelihood with initialization (3) = -0.6018554760
Marginal likelihood with initialization (4) = -0.6018555868
Marginal likelihood with initialization (5) = -0.6018545783
Iteration Marginal_Likelihood delta_Marginal_Likelihood Iteration_Time (secs)
0 -0.6018545358 -- 0.080
10 -0.5336734413 0.0681810945 0.248
20 -0.5014003888 0.0322730525 0.251
30 -0.4869062782 0.0144941106 0.247
40 -0.4773498498 0.0095564284 0.246
50 -0.4724983180 0.0048515318 0.248
60 -0.4701357790 0.0023625390 0.248
70 -0.4685666792 0.0015690998 0.244
80 -0.4671214103 0.0014452689 0.247
90 -0.4663496015 0.0007718088 0.247
100 -0.4656736261 0.0006759754 0.153
110 -0.4651237044 0.0005499217 0.141
120 -0.4647250706 0.0003986338 0.144
130 -0.4644684575 0.0002566132 0.141
140 -0.4641959874 0.0002724701 0.145
150 -0.4639576091 0.0002383783 0.140
160 -0.4637658542 0.0001917549 0.139
170 -0.4636109939 0.0001548603 0.140
180 -0.4634351498 0.0001758440 0.142
190 -0.4633565897 0.0000785601 0.142
200 -0.4632221623 0.0001344274 0.140
210 -0.4631124016 0.0001097607 0.140
220 -0.4630425546 0.0000698470 0.138
230 -0.4629646328 0.0000779218 0.139
240 -0.4629152354 0.0000493974 0.139
250 -0.4628497676 0.0000654678 0.139
260 -0.4627346798 0.0001150878 0.138
270 -0.4625381584 0.0001965214 0.139
280 -0.4624238498 0.0001143086 0.143
290 -0.4623604838 0.0000633659 0.141
300 -0.4622801430 0.0000803408 0.144
310 -0.4622343605 0.0000457825 0.138
320 -0.4621764344 0.0000579261 0.142
330 -0.4621305240 0.0000459104 0.144
340 -0.4621099397 0.0000205842 0.142
350 -0.4620661924 0.0000437474 0.143
360 -0.4619841975 0.0000819948 0.142
370 -0.4619624602 0.0000217373 0.144
380 -0.4619447117 0.0000177486 0.141
390 -0.4619446215 0.0000000902 0.142
Marginal Likelihood = -0.4619446215
Total time = 6.5610 seconds
Total iterations = 390 
