Marginal likelihood with initialization (1) = -0.2217983504
Marginal likelihood with initialization (2) = -0.2203380717
Marginal likelihood with initialization (3) = -0.2230012347
Marginal likelihood with initialization (4) = -0.2264019377
Marginal likelihood with initialization (5) = -0.2248122752
Iteration Marginal_Likelihood delta_Marginal_Likelihood Iteration_Time (secs)
0 -0.2203380717 -- 199.724
10 -0.2202836304 0.0000544413 39.132
20 -0.2202599035 0.0000237269 35.488
30 -0.2202477635 0.0000121400 22.761
40 -0.2202393505 0.0000084131 30.994
50 -0.2202327779 0.0000065726 23.422
60 -0.2202281592 0.0000046187 22.844
70 -0.2202249201 0.0000032390 22.818
80 -0.2202225706 0.0000023495 22.730
90 -0.2202207553 0.0000018153 22.673
100 -0.2202193583 0.0000013969 22.699
110 -0.2202182622 0.0000010962 22.611
120 -0.2202174464 0.0000008157 22.621
Marginal Likelihood = -0.2202174464
Total time = 510.7356 seconds
Total iterations = 120 
