Marginal likelihood with initialization (1) = -0.5620140653
Marginal likelihood with initialization (2) = -0.5620161860
Marginal likelihood with initialization (3) = -0.5620167230
Marginal likelihood with initialization (4) = -0.5620145236
Marginal likelihood with initialization (5) = -0.5620164845
Iteration Marginal_Likelihood delta_Marginal_Likelihood Iteration_Time (secs)
0 -0.5620140653 -- 0.063
10 -0.4976083632 0.0644057021 0.203
20 -0.4793407461 0.0182676171 0.204
30 -0.4701198441 0.0092209019 0.204
40 -0.4655728027 0.0045470414 0.204
50 -0.4632359292 0.0023368735 0.203
60 -0.4617141996 0.0015217296 0.208
70 -0.4607119019 0.0010022977 0.202
80 -0.4599153459 0.0007965560 0.201
90 -0.4592839050 0.0006314410 0.204
100 -0.4588660786 0.0004178264 0.203
110 -0.4585286602 0.0003374184 0.205
120 -0.4582762367 0.0002524234 0.136
130 -0.4580372502 0.0002389865 0.108
140 -0.4578198609 0.0002173893 0.107
150 -0.4577226292 0.0000972317 0.112
160 -0.4575839495 0.0001386798 0.107
170 -0.4575021938 0.0000817557 0.111
180 -0.4573848101 0.0001173837 0.109
190 -0.4572867123 0.0000980978 0.109
200 -0.4572258695 0.0000608427 0.107
210 -0.4570892174 0.0001366522 0.110
220 -0.4570468767 0.0000423406 0.110
230 -0.4569667969 0.0000800798 0.106
240 -0.4569005387 0.0000662582 0.113
250 -0.4568047894 0.0000957493 0.106
260 -0.4567288003 0.0000759891 0.109
270 -0.4567047552 0.0000240451 0.109
280 -0.4566277323 0.0000770229 0.108
290 -0.4566056687 0.0000220636 0.108
300 -0.4565854594 0.0000202093 0.109
310 -0.4565771353 0.0000083241 0.105
320 -0.4565464920 0.0000306433 0.107
330 -0.4565461316 0.0000003604 0.108
Marginal Likelihood = -0.4565461316
Total time = 4.7253 seconds
Total iterations = 330 
