PLINK v1.90b6.25 64-bit (5 Mar 2022)
Options in effect:
  --allow-extra-chr
  --bcf vcf/CposaSil2022_v1.Cimmitis.SNP.prune_window100.bcf
  --const-fid
  --keep-allele-order
  --make-bed
  --out structure/CposaSil2022_v1.Cimmitis.SNP.prune_window100
  --vcf-idspace-to _

Hostname: r24
Working directory: /bigdata/stajichlab/shared/projects/Population_Genomics/Coccidioides/2025_All_Cocci/Genotyping/all_C_posadasii_ref_Silv2022
Start time: Mon Jul 14 10:44:14 2025

Random number seed: 1752515054
1031857 MB RAM detected; reserving 515928 MB for main workspace.
--bcf: structure/CposaSil2022_v1.Cimmitis.SNP.prune_window100-temporary.bed +
structure/CposaSil2022_v1.Cimmitis.SNP.prune_window100-temporary.bim +
structure/CposaSil2022_v1.Cimmitis.SNP.prune_window100-temporary.fam written.
179144 variants loaded from .bim file.
151 people (0 males, 0 females, 151 ambiguous) loaded from .fam.
Ambiguous sex IDs written to
structure/CposaSil2022_v1.Cimmitis.SNP.prune_window100.nosex .
Using 1 thread (no multithreaded calculations invoked).
Before main variant filters, 151 founders and 0 nonfounders present.
Calculating allele frequencies... done.
Total genotyping rate is 0.933311.
179144 variants and 151 people pass filters and QC.
Note: No phenotypes present.
--make-bed to structure/CposaSil2022_v1.Cimmitis.SNP.prune_window100.bed +
structure/CposaSil2022_v1.Cimmitis.SNP.prune_window100.bim +
structure/CposaSil2022_v1.Cimmitis.SNP.prune_window100.fam ... done.

End time: Mon Jul 14 10:44:16 2025
