Marginal likelihood with initialization (1) = -0.4402216610
Marginal likelihood with initialization (2) = -0.4402234274
Marginal likelihood with initialization (3) = -0.4402238445
Marginal likelihood with initialization (4) = -0.4402237845
Marginal likelihood with initialization (5) = -0.4402229316
Iteration Marginal_Likelihood delta_Marginal_Likelihood Iteration_Time (secs)
0 -0.4402216610 -- 0.070
10 -0.3681744098 0.0720472512 0.188
20 -0.3628075222 0.0053668876 0.188
30 -0.3620605393 0.0007469828 0.188
40 -0.3618508859 0.0002096535 0.188
50 -0.3617835999 0.0000672859 0.189
60 -0.3617557739 0.0000278261 0.187
70 -0.3617396990 0.0000160748 0.188
80 -0.3617222848 0.0000174142 0.186
90 -0.3617142393 0.0000080456 0.188
100 -0.3616985639 0.0000156753 0.187
110 -0.3616944726 0.0000040913 0.185
120 -0.3616928458 0.0000016269 0.186
130 -0.3616902373 0.0000026085 0.156
140 -0.3616894383 0.0000007990 0.101
Marginal Likelihood = -0.3616894383
Total time = 2.5787 seconds
Total iterations = 140 
