Marginal likelihood with initialization (1) = -0.1570935913
Marginal likelihood with initialization (2) = -0.1568154460
Marginal likelihood with initialization (3) = -0.1563160447
Marginal likelihood with initialization (4) = -0.1575272941
Marginal likelihood with initialization (5) = -0.1539725945
Iteration Marginal_Likelihood delta_Marginal_Likelihood Iteration_Time (secs)
0 -0.1539725945 -- 389.828
10 -0.1538947707 0.0000778239 119.620
20 -0.1538828295 0.0000119412 116.546
30 -0.1538721314 0.0000106980 113.790
40 -0.1537845647 0.0000875668 113.781
50 -0.1536882556 0.0000963090 117.075
60 -0.1536323812 0.0000558744 114.603
70 -0.1535643486 0.0000680326 113.858
80 -0.1535513711 0.0000129775 116.802
90 -0.1535479177 0.0000034534 113.676
100 -0.1535472781 0.0000006396 112.585
Marginal Likelihood = -0.1535472781
Total time = 1542.4399 seconds
Total iterations = 100 
