Marginal likelihood with initialization (1) = -0.5102635962
Marginal likelihood with initialization (2) = -0.5102644469
Marginal likelihood with initialization (3) = -0.5102635941
Marginal likelihood with initialization (4) = -0.5102629844
Marginal likelihood with initialization (5) = -0.5102656897
Iteration Marginal_Likelihood delta_Marginal_Likelihood Iteration_Time (secs)
0 -0.5102629844 -- 0.099
10 -0.4178161384 0.0924468460 0.296
20 -0.3915291098 0.0262870286 0.292
30 -0.3826882322 0.0088408776 0.184
40 -0.3785154692 0.0041727630 0.184
50 -0.3760328064 0.0024826628 0.183
60 -0.3744790029 0.0015538035 0.183
70 -0.3734325081 0.0010464949 0.182
80 -0.3728847165 0.0005477916 0.182
90 -0.3724354635 0.0004492530 0.183
100 -0.3721850800 0.0002503835 0.181
110 -0.3719969000 0.0001881800 0.182
120 -0.3717831051 0.0002137949 0.183
130 -0.3716062600 0.0001768451 0.183
140 -0.3714726754 0.0001335847 0.181
150 -0.3713720167 0.0001006587 0.183
160 -0.3712694483 0.0001025683 0.181
170 -0.3711815627 0.0000878857 0.181
180 -0.3710793161 0.0001022466 0.181
190 -0.3710105346 0.0000687815 0.181
200 -0.3709173321 0.0000932025 0.180
210 -0.3708683886 0.0000489436 0.180
220 -0.3708071857 0.0000612029 0.181
230 -0.3707249700 0.0000822156 0.181
240 -0.3706881395 0.0000368305 0.179
250 -0.3706763498 0.0000117897 0.178
260 -0.3706529959 0.0000233539 0.179
270 -0.3706340251 0.0000189707 0.178
280 -0.3706086343 0.0000253908 0.177
290 -0.3705746096 0.0000340247 0.178
300 -0.3705451053 0.0000295043 0.177
310 -0.3705457322 -0.0000006269 0.177
Marginal Likelihood = -0.3705457322
Total time = 5.9358 seconds
Total iterations = 310 
