Marginal likelihood with initialization (1) = -0.7108061930
Marginal likelihood with initialization (2) = -0.7107960551
Marginal likelihood with initialization (3) = -0.7108063185
Marginal likelihood with initialization (4) = -0.7107900013
Marginal likelihood with initialization (5) = -0.7108027271
Iteration Marginal_Likelihood delta_Marginal_Likelihood Iteration_Time (secs)
0 -0.7107900013 -- 0.012
10 -0.6019814057 0.1088085956 0.025
20 -0.5977007952 0.0042806105 0.023
30 -0.5970189875 0.0006818078 0.013
40 -0.5967309919 0.0002879956 0.013
50 -0.5965329161 0.0001980758 0.013
60 -0.5964297962 0.0001031199 0.013
70 -0.5963643080 0.0000654883 0.014
80 -0.5963292957 0.0000350123 0.013
90 -0.5962883742 0.0000409214 0.013
100 -0.5962873968 0.0000009774 0.015
Marginal Likelihood = -0.5962873968
Total time = 0.1690 seconds
Total iterations = 100 
