Marginal likelihood with initialization (1) = -0.5216290735
Marginal likelihood with initialization (2) = -0.5216288875
Marginal likelihood with initialization (3) = -0.5216273275
Marginal likelihood with initialization (4) = -0.5216296792
Marginal likelihood with initialization (5) = -0.5216267910
Iteration Marginal_Likelihood delta_Marginal_Likelihood Iteration_Time (secs)
0 -0.5216267910 -- 0.057
10 -0.4704316456 0.0511951454 0.138
20 -0.4607145371 0.0097171084 0.138
30 -0.4555350701 0.0051794670 0.139
40 -0.4526347693 0.0029003008 0.135
50 -0.4511157903 0.0015189790 0.104
60 -0.4503568603 0.0007589299 0.081
70 -0.4498073998 0.0005494605 0.077
80 -0.4494801354 0.0003272645 0.081
90 -0.4492140124 0.0002661230 0.079
100 -0.4489746019 0.0002394105 0.085
110 -0.4488173730 0.0001572289 0.079
120 -0.4487205338 0.0000968391 0.079
130 -0.4486337110 0.0000868228 0.081
140 -0.4485842519 0.0000494592 0.078
150 -0.4485056944 0.0000785575 0.080
160 -0.4484568845 0.0000488098 0.079
170 -0.4484184335 0.0000384511 0.080
180 -0.4483799912 0.0000384422 0.078
190 -0.4483391323 0.0000408589 0.080
200 -0.4483144855 0.0000246468 0.081
210 -0.4483053264 0.0000091591 0.078
220 -0.4483048778 0.0000004486 0.084
Marginal Likelihood = -0.4483048778
Total time = 2.0776 seconds
Total iterations = 220 
