Marginal likelihood with initialization (1) = -0.8676783196
Marginal likelihood with initialization (2) = -0.8676823080
Marginal likelihood with initialization (3) = -0.8676650855
Marginal likelihood with initialization (4) = -0.8676851518
Marginal likelihood with initialization (5) = -0.8676805375
Iteration Marginal_Likelihood delta_Marginal_Likelihood Iteration_Time (secs)
0 -0.8676650855 -- 0.015
10 -0.6693426853 0.1983224002 0.034
20 -0.6403690193 0.0289736659 0.035
30 -0.6319908279 0.0083781914 0.034
40 -0.6278448679 0.0041459600 0.035
50 -0.6253369030 0.0025079649 0.035
60 -0.6242961834 0.0010407197 0.034
70 -0.6232543369 0.0010418465 0.026
80 -0.6225221718 0.0007321650 0.022
90 -0.6222688032 0.0002533686 0.019
100 -0.6222159291 0.0000528741 0.020
110 -0.6220135097 0.0002024194 0.019
120 -0.6219919317 0.0000215780 0.019
130 -0.6218674038 0.0001245278 0.019
140 -0.6215943305 0.0002730733 0.019
150 -0.6214484663 0.0001458642 0.019
160 -0.6214351113 0.0000133550 0.020
170 -0.6211616883 0.0002734230 0.019
180 -0.6210681706 0.0000935177 0.019
190 -0.6210676207 0.0000005499 0.020
Marginal Likelihood = -0.6210676207
Total time = 0.4837 seconds
Total iterations = 190 
