Marginal likelihood with initialization (1) = -0.4753264927
Marginal likelihood with initialization (2) = -0.4753277208
Marginal likelihood with initialization (3) = -0.4753289280
Marginal likelihood with initialization (4) = -0.4753298601
Marginal likelihood with initialization (5) = -0.4753267241
Iteration Marginal_Likelihood delta_Marginal_Likelihood Iteration_Time (secs)
0 -0.4753264927 -- 0.083
10 -0.3959433225 0.0793831702 0.241
20 -0.3808590391 0.0150842833 0.242
30 -0.3746712880 0.0061877511 0.241
40 -0.3716483812 0.0030229068 0.240
50 -0.3702195226 0.0014288587 0.240
60 -0.3693361578 0.0008833648 0.240
70 -0.3688691279 0.0004670299 0.239
80 -0.3685852633 0.0002838646 0.239
90 -0.3683512591 0.0002340042 0.238
100 -0.3682004512 0.0001508079 0.220
110 -0.3680825966 0.0001178547 0.142
120 -0.3680080321 0.0000745645 0.141
130 -0.3679468983 0.0000611338 0.141
140 -0.3678799456 0.0000669527 0.143
150 -0.3678412092 0.0000387364 0.142
160 -0.3678007523 0.0000404569 0.141
170 -0.3677714849 0.0000292674 0.140
180 -0.3677498922 0.0000215928 0.141
190 -0.3677645114 -0.0000146192 0.140
200 -0.3677293892 0.0000351221 0.140
210 -0.3677412009 -0.0000118117 0.141
220 -0.3677337038 0.0000074971 0.140
230 -0.3677191971 0.0000145067 0.141
240 -0.3677111387 0.0000080585 0.140
250 -0.3677109107 0.0000002279 0.141
Marginal Likelihood = -0.3677109107
Total time = 4.5827 seconds
Total iterations = 250 
