Marginal likelihood with initialization (1) = -0.4928067309
Marginal likelihood with initialization (2) = -0.4928080186
Marginal likelihood with initialization (3) = -0.4928086786
Marginal likelihood with initialization (4) = -0.4928088458
Marginal likelihood with initialization (5) = -0.4928089342
Iteration Marginal_Likelihood delta_Marginal_Likelihood Iteration_Time (secs)
0 -0.4928067309 -- 0.091
10 -0.4087024658 0.0841042650 0.282
20 -0.3872513182 0.0214511477 0.286
30 -0.3773592105 0.0098921077 0.284
40 -0.3714835678 0.0058756427 0.283
50 -0.3684240931 0.0030594747 0.283
60 -0.3668753835 0.0015487096 0.284
70 -0.3659902192 0.0008851643 0.283
80 -0.3654096609 0.0005805583 0.281
90 -0.3649890045 0.0004206564 0.278
100 -0.3646736091 0.0003153954 0.151
110 -0.3644380397 0.0002355694 0.153
120 -0.3642727762 0.0001652635 0.153
130 -0.3641760643 0.0000967118 0.150
140 -0.3641076864 0.0000683779 0.151
150 -0.3640498193 0.0000578671 0.151
160 -0.3640100278 0.0000397915 0.150
170 -0.3639752930 0.0000347348 0.151
180 -0.3639501754 0.0000251176 0.151
190 -0.3639428270 0.0000073484 0.149
200 -0.3639331138 0.0000097132 0.151
210 -0.3639330863 0.0000000275 0.151
Marginal Likelihood = -0.3639330863
Total time = 4.4539 seconds
Total iterations = 210 
