Marginal likelihood with initialization (1) = -0.8150194747
Marginal likelihood with initialization (2) = -0.8150276327
Marginal likelihood with initialization (3) = -0.8150291688
Marginal likelihood with initialization (4) = -0.8150248153
Marginal likelihood with initialization (5) = -0.8150235006
Iteration Marginal_Likelihood delta_Marginal_Likelihood Iteration_Time (secs)
0 -0.8150194747 -- 0.013
10 -0.6391034772 0.1759159975 0.034
20 -0.6247473456 0.0143561316 0.032
30 -0.6194593351 0.0052880105 0.032
40 -0.6167540706 0.0027052645 0.031
50 -0.6145779523 0.0021761183 0.033
60 -0.6131933258 0.0013846265 0.033
70 -0.6122720519 0.0009212739 0.032
80 -0.6115373810 0.0007346709 0.032
90 -0.6112921480 0.0002452331 0.032
100 -0.6108607800 0.0004313680 0.033
110 -0.6102235556 0.0006372244 0.022
120 -0.6098403588 0.0003831968 0.018
130 -0.6095869678 0.0002533910 0.017
140 -0.6094826878 0.0001042801 0.018
150 -0.6093950654 0.0000876224 0.018
160 -0.6092960921 0.0000989732 0.018
170 -0.6092235363 0.0000725558 0.018
180 -0.6092235294 0.0000000069 0.017
Marginal Likelihood = -0.6092235294
Total time = 0.4858 seconds
Total iterations = 180 
