Marginal likelihood with initialization (1) = -0.5419058108
Marginal likelihood with initialization (2) = -0.5419068720
Marginal likelihood with initialization (3) = -0.5419080664
Marginal likelihood with initialization (4) = -0.5419060842
Marginal likelihood with initialization (5) = -0.5419076864
Iteration Marginal_Likelihood delta_Marginal_Likelihood Iteration_Time (secs)
0 -0.5419058108 -- 0.064
10 -0.4785351756 0.0633706352 0.176
20 -0.4639472207 0.0145879550 0.173
30 -0.4573248617 0.0066223589 0.175
40 -0.4544365794 0.0028882823 0.172
50 -0.4527396814 0.0016968980 0.172
60 -0.4517768990 0.0009627824 0.174
70 -0.4511417669 0.0006351321 0.174
80 -0.4507884224 0.0003533445 0.173
90 -0.4504911797 0.0002972426 0.171
100 -0.4502471744 0.0002440054 0.172
110 -0.4500563947 0.0001907797 0.175
120 -0.4498734220 0.0001829727 0.175
130 -0.4497500316 0.0001233903 0.123
140 -0.4496471030 0.0001029286 0.104
150 -0.4495966284 0.0000504746 0.100
160 -0.4495183021 0.0000783262 0.100
170 -0.4494730629 0.0000452393 0.103
180 -0.4494099241 0.0000631388 0.099
190 -0.4493328566 0.0000770675 0.103
200 -0.4492992194 0.0000336373 0.105
210 -0.4492965345 0.0000026848 0.098
220 -0.4492823470 0.0000141875 0.103
230 -0.4492552210 0.0000271260 0.099
240 -0.4492410919 0.0000141291 0.101
250 -0.4492341773 0.0000069146 0.104
260 -0.4492246543 0.0000095230 0.097
270 -0.4492114334 0.0000132210 0.104
280 -0.4492343649 -0.0000229315 0.098
290 -0.4491949258 0.0000394391 0.102
300 -0.4491971881 -0.0000022623 0.101
310 -0.4491793326 0.0000178554 0.099
320 -0.4491790250 0.0000003076 0.101
Marginal Likelihood = -0.4491790250
Total time = 4.1943 seconds
Total iterations = 320 
