Marginal likelihood with initialization (1) = -0.5011241684
Marginal likelihood with initialization (2) = -0.5011243777
Marginal likelihood with initialization (3) = -0.5011226877
Marginal likelihood with initialization (4) = -0.5011246849
Marginal likelihood with initialization (5) = -0.5011244198
Iteration Marginal_Likelihood delta_Marginal_Likelihood Iteration_Time (secs)
0 -0.5011226877 -- 0.050
10 -0.4624148377 0.0387078499 0.134
20 -0.4527738861 0.0096409516 0.135
30 -0.4499173574 0.0028565287 0.136
40 -0.4491632303 0.0007541271 0.139
50 -0.4488691801 0.0002940502 0.134
60 -0.4486968582 0.0001723220 0.136
70 -0.4485608572 0.0001360010 0.133
80 -0.4484597713 0.0001010859 0.136
90 -0.4483974276 0.0000623437 0.138
100 -0.4483587328 0.0000386948 0.135
110 -0.4483216823 0.0000370505 0.135
120 -0.4482783468 0.0000433356 0.133
130 -0.4482684563 0.0000098905 0.135
140 -0.4482569894 0.0000114668 0.135
150 -0.4482515692 0.0000054202 0.135
160 -0.4482511308 0.0000004384 0.137
Marginal Likelihood = -0.4482511308
Total time = 2.2181 seconds
Total iterations = 160 
