Marginal likelihood with initialization (1) = -0.9206763949
Marginal likelihood with initialization (2) = -0.9206734028
Marginal likelihood with initialization (3) = -0.9206703247
Marginal likelihood with initialization (4) = -0.9206799668
Marginal likelihood with initialization (5) = -0.9206778960
Iteration Marginal_Likelihood delta_Marginal_Likelihood Iteration_Time (secs)
0 -0.9206703247 -- 0.016
10 -0.6719484666 0.2487218581 0.038
20 -0.6426660531 0.0292824135 0.040
30 -0.6350182525 0.0076478006 0.039
40 -0.6322983756 0.0027198769 0.038
50 -0.6300394628 0.0022589128 0.038
60 -0.6280940505 0.0019454123 0.039
70 -0.6266465929 0.0014474576 0.039
80 -0.6254678803 0.0011787126 0.037
90 -0.6247275438 0.0007403366 0.038
100 -0.6242309721 0.0004965716 0.037
110 -0.6238698371 0.0003611350 0.021
120 -0.6232961613 0.0005736758 0.021
130 -0.6227919434 0.0005042179 0.022
140 -0.6226491911 0.0001427523 0.021
150 -0.6224888695 0.0001603216 0.022
160 -0.6223514820 0.0001373875 0.021
170 -0.6223514136 0.0000000683 0.021
Marginal Likelihood = -0.6223514136
Total time = 0.5519 seconds
Total iterations = 170 
