Marginal likelihood with initialization (1) = -0.9740009972
Marginal likelihood with initialization (2) = -0.9740059934
Marginal likelihood with initialization (3) = -0.9739975767
Marginal likelihood with initialization (4) = -0.9739986549
Marginal likelihood with initialization (5) = -0.9739917311
Iteration Marginal_Likelihood delta_Marginal_Likelihood Iteration_Time (secs)
0 -0.9739917311 -- 0.016
10 -0.7001722132 0.2738195179 0.040
20 -0.6552551694 0.0449170438 0.040
30 -0.6434780730 0.0117770964 0.031
40 -0.6393827799 0.0040952931 0.026
50 -0.6369456507 0.0024371292 0.024
60 -0.6354012116 0.0015444391 0.023
70 -0.6344728500 0.0009283615 0.023
80 -0.6339289187 0.0005439314 0.025
90 -0.6332930559 0.0006358627 0.023
100 -0.6329702810 0.0003227749 0.023
110 -0.6326438874 0.0003263936 0.023
120 -0.6325490658 0.0000948216 0.023
130 -0.6324650445 0.0000840213 0.024
140 -0.6322921235 0.0001729210 0.023
150 -0.6318532145 0.0004389090 0.023
160 -0.6312247106 0.0006285038 0.024
170 -0.6309013398 0.0003233708 0.023
180 -0.6309002648 0.0000010750 0.023
190 -0.6309002075 0.0000000574 0.024
Marginal Likelihood = -0.6309002075
Total time = 0.5058 seconds
Total iterations = 190 
