Marginal likelihood with initialization (1) = -0.5819909874
Marginal likelihood with initialization (2) = -0.5819926808
Marginal likelihood with initialization (3) = -0.5819919814
Marginal likelihood with initialization (4) = -0.5819910703
Marginal likelihood with initialization (5) = -0.5819917332
Iteration Marginal_Likelihood delta_Marginal_Likelihood Iteration_Time (secs)
0 -0.5819909874 -- 0.070
10 -0.5006553172 0.0813356702 0.135
20 -0.4786386627 0.0220166545 0.135
30 -0.4712161495 0.0074225132 0.134
40 -0.4681084597 0.0031076897 0.135
50 -0.4662663388 0.0018421210 0.132
60 -0.4648292708 0.0014370680 0.134
70 -0.4638104659 0.0010188049 0.131
80 -0.4631503794 0.0006600866 0.132
90 -0.4626413688 0.0005090106 0.135
100 -0.4621238539 0.0005175149 0.131
110 -0.4617214139 0.0004024400 0.131
120 -0.4614080114 0.0003134024 0.130
130 -0.4611678422 0.0002401692 0.132
140 -0.4610035786 0.0001642636 0.131
150 -0.4608394997 0.0001640790 0.131
160 -0.4607335366 0.0001059631 0.134
170 -0.4606287588 0.0001047778 0.131
180 -0.4605496903 0.0000790685 0.132
190 -0.4605009688 0.0000487215 0.131
200 -0.4604553881 0.0000455807 0.131
210 -0.4604428037 0.0000125844 0.129
220 -0.4604395483 0.0000032554 0.134
230 -0.4603621826 0.0000773657 0.129
240 -0.4603222673 0.0000399152 0.131
250 -0.4603027561 0.0000195112 0.131
260 -0.4603099961 -0.0000072399 0.130
270 -0.4602875671 0.0000224290 0.128
280 -0.4602768067 0.0000107604 0.132
290 -0.4602483802 0.0000284265 0.131
300 -0.4601950107 0.0000533695 0.128
310 -0.4601762006 0.0000188101 0.129
320 -0.4601681425 0.0000080581 0.130
330 -0.4601464928 0.0000216497 0.130
340 -0.4601031900 0.0000433028 0.129
350 -0.4600823468 0.0000208432 0.129
360 -0.4600647871 0.0000175597 0.127
370 -0.4600647686 0.0000000186 0.132
Marginal Likelihood = -0.4600647686
Total time = 4.9323 seconds
Total iterations = 370 
