Marginal likelihood with initialization (1) = -0.7627352899
Marginal likelihood with initialization (2) = -0.7627285258
Marginal likelihood with initialization (3) = -0.7627316525
Marginal likelihood with initialization (4) = -0.7627384375
Marginal likelihood with initialization (5) = -0.7627315433
Iteration Marginal_Likelihood delta_Marginal_Likelihood Iteration_Time (secs)
0 -0.7627285258 -- 0.011
10 -0.6388090486 0.1239194772 0.030
20 -0.6149032188 0.0239058298 0.027
30 -0.6107419139 0.0041613048 0.028
40 -0.6088929284 0.0018489856 0.027
50 -0.6078992151 0.0009937133 0.027
60 -0.6073131313 0.0005860838 0.028
70 -0.6070727696 0.0002403617 0.027
80 -0.6070510740 0.0000216956 0.027
90 -0.6069645775 0.0000864965 0.026
100 -0.6068896067 0.0000749708 0.028
110 -0.6068353316 0.0000542750 0.028
120 -0.6067426181 0.0000927135 0.027
130 -0.6067052468 0.0000373713 0.027
140 -0.6067045406 0.0000007062 0.023
Marginal Likelihood = -0.6067045406
Total time = 0.3927 seconds
Total iterations = 140 
